<?xml version="1.0" encoding="UTF-8"?>
<TestRun id="2d885ee8-f850-468e-9299-cabe2060b58c" name="Josefs@JOSEF-PC 2013-04-11 12:50:02" runUser="JOSEF-PC\Josefs" xmlns="http://microsoft.com/schemas/VisualStudio/TeamTest/2010">
  <TestSettings name="Lokal" id="65770dc9-174f-40ea-ab59-740cafac096c">
    <Description>Dies sind die standardmäßigen Testeinstellungen für einen lokalen Testlauf.</Description>
    <Deployment enabled="false" runDeploymentRoot="Josefs_JOSEF-PC 2013-04-11 12_50_02">
      <DeploymentItem filename="C:\Users\Josefs\Documents\Schule\PPM\aquila\trunk\AquilaWCF\AquilaWCF\bin\Debug\AquilaWCF.exe" />
    </Deployment>
    <Execution>
      <TestTypeSpecific />
      <AgentRule name="Execution Agents">
      </AgentRule>
    </Execution>
  </TestSettings>
  <Times creation="2013-04-11T12:50:02.5490210+02:00" queuing="2013-04-11T12:50:03.9341002+02:00" start="2013-04-11T12:50:04.0031042+02:00" finish="2013-04-11T12:50:08.3573532+02:00" />
  <ResultSummary outcome="Failed">
    <Counters total="1" executed="1" error="0" failed="1" timeout="0" aborted="0" inconclusive="0" passedButRunAborted="0" notRunnable="0" notExecuted="0" disconnected="0" warning="0" passed="0" completed="0" inProgress="0" pending="0" />
  </ResultSummary>
  <TestDefinitions>
    <UnitTest name="TestInsertBar" storage="c:\users\josefs\documents\schule\ppm\aquila\trunk\aquilawcf\wcfaquilatest\bin\debug\wcfaquilatest.dll" id="376cee97-336d-fe2c-2334-5b77ff229745">
      <Execution id="62d4a7da-5ae7-45e7-85f0-9b2e73f2738d" />
      <TestMethod codeBase="C:/Users/Josefs/Documents/Schule/PPM/aquila/trunk/AquilaWCF/WCFAquilaTest/bin/Debug/WCFAquilaTest.DLL" adapterTypeName="Microsoft.VisualStudio.TestTools.TestTypes.Unit.UnitTestAdapter, Microsoft.VisualStudio.QualityTools.Tips.UnitTest.Adapter, Version=10.0.0.0, Culture=neutral, PublicKeyToken=b03f5f7f11d50a3a" className="WCFAquilaTest.QueryHandlerTest, WCFAquilaTest, Version=1.0.0.0, Culture=neutral, PublicKeyToken=null" name="TestInsertBar" />
    </UnitTest>
  </TestDefinitions>
  <TestLists>
    <TestList name="Nicht in einer Liste enthaltene Ergebnisse" id="8c84fa94-04c1-424b-9868-57a2d4851a1d" />
    <TestList name="Alle geladenen Ergebnisse" id="19431567-8539-422a-85d7-44ee4e166bda" />
  </TestLists>
  <TestEntries>
    <TestEntry testId="376cee97-336d-fe2c-2334-5b77ff229745" executionId="62d4a7da-5ae7-45e7-85f0-9b2e73f2738d" testListId="8c84fa94-04c1-424b-9868-57a2d4851a1d" />
  </TestEntries>
  <Results>
    <UnitTestResult executionId="62d4a7da-5ae7-45e7-85f0-9b2e73f2738d" testId="376cee97-336d-fe2c-2334-5b77ff229745" testName="TestInsertBar" computerName="JOSEF-PC" duration="00:00:03.6197382" startTime="2013-04-11T12:50:04.0451066+02:00" endTime="2013-04-11T12:50:08.1703425+02:00" testType="13cdc9d9-ddb5-4fa4-a97d-d965ccfc6d4b" outcome="Failed" testListId="8c84fa94-04c1-424b-9868-57a2d4851a1d" relativeResultsDirectory="62d4a7da-5ae7-45e7-85f0-9b2e73f2738d">
      <Output>
        <ErrorInfo>
          <Message>Die WCFAquilaTest.QueryHandlerTest.TestInsertBar-Testmethode hat eine Ausnahme ausgelöst: System.ArgumentNullException: Der Wert darf nicht NULL sein.
Parametername: path</Message>
          <StackTrace>    bei System.IO.File.AppendText(String path)
   bei Aquila_Software.LogFileManager.WriteToLog(String logMessage) in C:\Users\Josefs\Documents\Schule\PPM\aquila\trunk\AquilaWCF\AquilaWCF\LogFileManager.cs:Zeile 42.
   bei Aquila_Software.DatabaseHandler.executeModify(String statement) in C:\Users\Josefs\Documents\Schule\PPM\aquila\trunk\AquilaWCF\AquilaWCF\DatabaseHandler.cs:Zeile 64.
   bei Aquila_Software.QueryHandler.insertBar(String equtiySymbol, String bartype, Int32 volume, Tuple`5 statement) in C:\Users\Josefs\Documents\Schule\PPM\aquila\trunk\AquilaWCF\AquilaWCF\QueryHandler.cs:Zeile 18.
   bei WCFAquilaTest.QueryHandlerTest.TestInsertBar() in C:\Users\Josefs\Documents\Schule\PPM\aquila\trunk\AquilaWCF\WCFAquilaTest\QueryHandlerTest.cs:Zeile 65.
</StackTrace>
        </ErrorInfo>
      </Output>
    </UnitTestResult>
  </Results>
</TestRun>